[INFO][AppLauncher]: Using device: cuda:0
[INFO][AppLauncher]: Loading experience file: D:\6axis-space-robotics\.deps\IsaacLab\apps\isaaclab.python.headless.rendering.kit
Loading user config located at: 'c:/isaac-sim/kit/data/Kit/Isaac-Sim/5.1/user.config.json'
[Info] [carb] Logging to file: c:/isaac-sim/kit/logs/Kit/Isaac-Sim/5.1/kit_20260914_145007.log
2026-09-14T20:50:08Z [1,217ms] [Warning] [gpu.foundation.plugin] Skipping unsupported non-NVIDIA GPU: Intel(R) Graphics
2026-09-14T20:50:08Z [1,218ms] [Warning] [gpu.foundation.plugin] Skipping unsupported non-NVIDIA GPU: Intel(R) Graphics

|---------------------------------------------------------------------------------------------|
| Driver Version: 592.01        | Graphics API: Vulkan
|=============================================================================================|
| GPU | Name                             | Active | LDA | GPU Memory | Vendor-ID | LUID       |
|     |                                  |        |     |            | Device-ID | UUID       |
|     |                                  |        |     |            | Bus-ID    |            |
|---------------------------------------------------------------------------------------------|
| 0   | NVIDIA GeForce RTX 5070 Ti Lap.. | Yes: 0 |     | 11944   MB | 10de      | 36680100.. |
|     |                                  |        |     |            | 2f58      | 4281cb34.. |
|     |                                  |        |     |            | 2         |            |
|---------------------------------------------------------------------------------------------|
| 1   | Intel(R) Graphics                |        |     | 18347   MB | 8086      | 63630100.. |
|     |                                  |        |     |            | 7d67      | 8680677d.. |
|     |                                  |        |     |            | N/A       |            |
|=============================================================================================|
| OS: Windows 11 Pro, Version: 10.0 (25H2), Build: 26200, Kernel: 10.0.26100.9444
| Processor: Intel(R) Core(TM) Ultra 9 275HX
| Cores: 24 | Logical Cores: 24
|---------------------------------------------------------------------------------------------|
| Total Memory (MB): 32189 | Free Memory: 8914
| Total Page/Swap (MB): 52983 | Free Page/Swap: 9143
|---------------------------------------------------------------------------------------------|
2026-09-14T20:50:10Z [2,313ms] [Warning] [carb] Acquiring non optional plugin interface which is not listed as dependency: [omni::physx::IPhysxBenchmarks v1.0] (plugin: <default plugin>), by client: omni.physics.physx.plugin. Add it to CARB_PLUGIN_IMPL_DEPS() macro of a client.
2026-09-14T20:50:10Z [2,319ms] [Warning] [omni.isaac.dynamic_control] omni.isaac.dynamic_control is deprecated as of Isaac Sim 4.5. No action is needed from end-users.
2026-09-14T20:50:12Z [4,450ms] [Warning] [pxr.Semantics] pxr.Semantics is deprecated - please use Semantics instead
2026-09-14T20:50:12Z [4,530ms] [Warning] [omni.graph.core.plugin] Found duplicate of category 'Replicator' - was 'Annotators', adding 'Fabric Reader'
2026-09-14T20:50:12Z [4,530ms] [Warning] [omni.graph.core.plugin] Category 'Replicator' not accepted on node type 'omni.replicator.core.FabricReader' in extension 'omni.replicator.core'
2026-09-14T20:50:12Z [4,531ms] [Warning] [omni.replicator.core.scripts.extension] No material configuration file, adding configuration to material settings directly.
2026-09-14T20:50:17Z [9,410ms] [Warning] [omni.fabric.plugin] Warning: attribute overrideClipRange not found for bucket id 7

[INFO]: Parsing configuration from: zero_g_blade_swap.tasks.blade_swap.vision_two_slot_env_cfg:ZeroGBladeGrappleVisionTwoSlotWorkflowEnvCfg
[INFO] Destination bay fitted with its vertical lead-in (16.6 mm per side, accepting 0.074 rad of delivered attitude error); channel relief 4.61 mm per side
[INFO] Destination rack fitted with two visible passive pawls; break rating 600.0 N / 30.0 N-m
[INFO] Latch ARMED ON RELEASE at 20000.0 N / 1000.0 N-m; two-body fixed joint with reaction wrench (engages when the driver retains the grip, not on capture)
[INFO] Module velocity channel from kinematics: zero before capture, the wrist's own velocity after it. This is not the shipped path.
[INFO] relocate: phase budgets ['capture=10.0s', 'seat=1.0s', 'extract=25.0s', 'transit=75.0s', 'insert=30.0s'] -> episode 92.7 s
[INFO] capture  obs= 40 act=7 epoch=3100 <- capture_v7m130.pth
[INFO] extract  obs= 40 act=6 epoch=14600 <- extract_v19noised.pth
[INFO] insert   obs= 45 act=6 epoch=8000 <- insert_v13m130.pth

[36m===================================================================================================================[0m
[36m[1m[INFO][IsaacLab]: Logging to file: C:\Users\tryak\AppData\Local\Temp\isaaclab\logs\isaaclab_2026-09-14_14-50-18.log[0m
[36m===================================================================================================================[0m

[INFO]: Base environment:
	Environment device    : cuda:0
	Environment seed      : 4070
	Physics step-size     : 0.008333333333333333
	Rendering step-size   : 0.06666666666666667
	Environment step-size : 0.03333333333333333
[INFO]: Time taken for scene creation : 1.670531 seconds
[INFO]: Scene manager:  <class InteractiveScene>
	Number of environments: 8
	Environment spacing   : 2.6
	Source prim name      : /World/envs/env_0
	Global prim paths     : []
	Replicate physics     : False
[INFO]: Starting the simulation. This may take a few seconds. Please wait...
2026-09-14T20:50:20Z [12,635ms] [Warning] [omni.physx.plugin] PhysicsUSD: CreateJoint - found a joint with disjointed body transforms, the simulation will most likely snap objects together: /World/envs/env_0/ReleaseLatchJoint/Joint
2026-09-14T20:50:20Z [12,636ms] [Warning] [omni.physx.plugin] PhysicsUSD: CreateJoint - found a joint with disjointed body transforms, the simulation will most likely snap objects together: /World/envs/env_0/RackRetentionJoint/Joint
2026-09-14T20:50:20Z [12,636ms] [Warning] [omni.physx.plugin] PhysicsUSD: CreateJoint - found a joint with disjointed body transforms, the simulation will most likely snap objects together: /World/envs/env_1/ReleaseLatchJoint/Joint
2026-09-14T20:50:20Z [12,637ms] [Warning] [omni.physx.plugin] PhysicsUSD: CreateJoint - found a joint with disjointed body transforms, the simulation will most likely snap objects together: /World/envs/env_1/RackRetentionJoint/Joint
2026-09-14T20:50:20Z [12,637ms] [Warning] [omni.physx.plugin] PhysicsUSD: CreateJoint - found a joint with disjointed body transforms, the simulation will most likely snap objects together: /World/envs/env_2/ReleaseLatchJoint/Joint
2026-09-14T20:50:20Z [12,637ms] [Warning] [omni.physx.plugin] PhysicsUSD: CreateJoint - found a joint with disjointed body transforms, the simulation will most likely snap objects together: /World/envs/env_2/RackRetentionJoint/Joint
2026-09-14T20:50:20Z [12,637ms] [Warning] [omni.physx.plugin] PhysicsUSD: CreateJoint - found a joint with disjointed body transforms, the simulation will most likely snap objects together: /World/envs/env_3/ReleaseLatchJoint/Joint
2026-09-14T20:50:20Z [12,638ms] [Warning] [omni.physx.plugin] PhysicsUSD: CreateJoint - found a joint with disjointed body transforms, the simulation will most likely snap objects together: /World/envs/env_3/RackRetentionJoint/Joint
2026-09-14T20:50:20Z [12,638ms] [Warning] [omni.physx.plugin] PhysicsUSD: CreateJoint - found a joint with disjointed body transforms, the simulation will most likely snap objects together: /World/envs/env_4/ReleaseLatchJoint/Joint
2026-09-14T20:50:20Z [12,638ms] [Warning] [omni.physx.plugin] PhysicsUSD: CreateJoint - found a joint with disjointed body transforms, the simulation will most likely snap objects together: /World/envs/env_4/RackRetentionJoint/Joint
2026-09-14T20:50:20Z [12,638ms] [Warning] [omni.physx.plugin] PhysicsUSD: CreateJoint - found a joint with disjointed body transforms, the simulation will most likely snap objects together: /World/envs/env_5/ReleaseLatchJoint/Joint
2026-09-14T20:50:20Z [12,638ms] [Warning] [omni.physx.plugin] PhysicsUSD: CreateJoint - found a joint with disjointed body transforms, the simulation will most likely snap objects together: /World/envs/env_5/RackRetentionJoint/Joint
2026-09-14T20:50:20Z [12,639ms] [Warning] [omni.physx.plugin] PhysicsUSD: CreateJoint - found a joint with disjointed body transforms, the simulation will most likely snap objects together: /World/envs/env_6/ReleaseLatchJoint/Joint
2026-09-14T20:50:20Z [12,639ms] [Warning] [omni.physx.plugin] PhysicsUSD: CreateJoint - found a joint with disjointed body transforms, the simulation will most likely snap objects together: /World/envs/env_6/RackRetentionJoint/Joint
2026-09-14T20:50:20Z [12,639ms] [Warning] [omni.physx.plugin] PhysicsUSD: CreateJoint - found a joint with disjointed body transforms, the simulation will most likely snap objects together: /World/envs/env_7/ReleaseLatchJoint/Joint
2026-09-14T20:50:20Z [12,639ms] [Warning] [omni.physx.plugin] PhysicsUSD: CreateJoint - found a joint with disjointed body transforms, the simulation will most likely snap objects together: /World/envs/env_7/RackRetentionJoint/Joint
2026-09-14T20:50:20Z [12,967ms] [Warning] [omni.fabric.plugin] getAttributeCount called on non-existent path /World/envs/env_7/Robot/ee_link/Robotiq_2F_85/right_outer_knuckle/visuals/Defeatured_2F_85_PAD_OPEN_Finger1step_01
2026-09-14T20:50:20Z [12,967ms] [Warning] [omni.fabric.plugin] getTypes called on non-existent path /World/envs/env_7/Robot/ee_link/Robotiq_2F_85/right_outer_knuckle/visuals/Defeatured_2F_85_PAD_OPEN_Finger1step_01
[INFO]: Time taken for simulation start : 2.463940 seconds
[INFO] Command Manager:  <CommandManager> contains 1 active terms.
+-----------------------------------------------+
|              Active Command Terms             |
+-------+----------------+----------------------+
| Index | Name           |         Type         |
+-------+----------------+----------------------+
|   0   | insertion_goal | InsertionGoalCommand |
+-------+----------------+----------------------+

[INFO] Event Manager:  <EventManager> contains 3 active terms.
+--------------------------------------+
| Active Event Terms in Mode: 'reset'  |
+---------+----------------------------+
|  Index  | Name                       |
+---------+----------------------------+
|    0    | reset_scene                |
|    1    | reset_progress             |
|    2    | reset_arm                  |
|    3    | reset_blade                |
|    4    | orbital_sun                |
|    5    | jitter_module              |
|    6    | open_gripper_on_reset      |
|    7    | remember_blade_pose        |
|    8    | reset_grapple              |
+---------+----------------------------+
+-------------------------------------+
| Active Event Terms in Mode: 'prestartup' |
+------------+------------------------+
|   Index    | Name                   |
+------------+------------------------+
|     0      | rack_albedo            |
+------------+------------------------+
+--------------------------------------------------------------------+
|               Active Event Terms in Mode: 'interval'               |
+-------+---------------+--------------------------------------------+
| Index | Name          |          Interval time range (s)           |
+-------+---------------+--------------------------------------------+
|   0   | grapple_latch | (0.03333333333333333, 0.03333333333333333) |
+-------+---------------+--------------------------------------------+

[INFO] Recorder Manager:  <RecorderManager> contains 0 active terms.
+---------------------+
| Active Recorder Terms |
+-----------+---------+
|   Index   | Name    |
+-----------+---------+
+-----------+---------+

[INFO] Action Manager:  <ActionManager> contains 2 active terms.
+----------------------------------+
|  Active Action Terms (shape: 7)  |
+--------+-----------+-------------+
| Index  | Name      |   Dimension |
+--------+-----------+-------------+
|   0    | arm       |           6 |
|   1    | gripper   |           1 |
+--------+-----------+-------------+

[INFO] Observation Manager: <ObservationManager> contains 3 groups.
+--------------------------------------------------------+
| Active Observation Terms in Group: 'grasp' (shape: (40,)) |
+------------+------------------------------+------------+
|   Index    | Name                         |   Shape    |
+------------+------------------------------+------------+
|     0      | joint_pos                    |    (6,)    |
|     1      | joint_vel                    |    (6,)    |
|     2      | end_effector                 |    (7,)    |
|     3      | grip_error                   |    (6,)    |
|     4      | gripper_state                |    (2,)    |
|     5      | blade_velocity               |    (6,)    |
|     6      | previous_action              |    (7,)    |
+------------+------------------------------+------------+
+----------------------------------------------------------+
| Active Observation Terms in Group: 'extract' (shape: (40,)) |
+------------+--------------------------------+------------+
|   Index    | Name                           |   Shape    |
+------------+--------------------------------+------------+
|     0      | joint_pos                      |    (6,)    |
|     1      | joint_vel                      |    (6,)    |
|     2      | end_effector                   |    (7,)    |
|     3      | grip_error                     |    (6,)    |
|     4      | gripper_state                  |    (2,)    |
|     5      | blade_velocity                 |    (6,)    |
|     6      | previous_action                |    (6,)    |
|     7      | remaining_travel               |    (1,)    |
+------------+--------------------------------+------------+
+----------------------------------------------------------+
| Active Observation Terms in Group: 'insert' (shape: (45,)) |
+------------+--------------------------------+------------+
|   Index    | Name                           |   Shape    |
+------------+--------------------------------+------------+
|     0      | joint_pos                      |    (6,)    |
|     1      | joint_vel                      |    (6,)    |
|     2      | end_effector                   |    (7,)    |
|     3      | grip_error                     |    (6,)    |
|     4      | gripper_state                  |    (2,)    |
|     5      | blade_velocity                 |    (6,)    |
|     6      | previous_action                |    (6,)    |
|     7      | blade_goal_error               |    (6,)    |
+------------+--------------------------------+------------+

[INFO] Termination Manager:  <TerminationManager> contains 2 active terms.
+-------------------------------+
|    Active Termination Terms   |
+-------+------------+----------+
| Index | Name       | Time Out |
+-------+------------+----------+
|   0   | time_out   |   True   |
|   1   | non_finite |  False   |
+-------+------------+----------+

[INFO] Reward Manager:  <RewardManager> contains 0 active terms.
+-----------------------+
|  Active Reward Terms  |
+-------+------+--------+
| Index | Name | Weight |
+-------+------+--------+
+-------+------+--------+

[INFO] Curriculum Manager:  <CurriculumManager> contains 0 active terms.
+----------------------+
| Active Curriculum Terms |
+-----------+----------+
|   Index   | Name     |
+-----------+----------+
+-----------+----------+

[INFO]: Completed setting up the environment...
[PLAN] visual occupancy preflight passed=8/8 source=bay0 destination=bay1 scores=[1.0000,0.0000] threshold=0.50
2026-09-14T20:52:14Z [126,949ms] [Warning] [omni.physx.plugin] PhysicsUSD: CreateJoint - found a joint with disjointed body transforms, the simulation will most likely snap objects together: /World/envs/env_0/ReleaseLatchJoint/Joint
2026-09-14T20:52:41Z [153,966ms] [Warning] [omni.physx.plugin] PhysicsUSD: CreateJoint - found a joint with disjointed body transforms, the simulation will most likely snap objects together: /World/envs/env_4/ReleaseLatchJoint/Joint
2026-09-14T20:52:48Z [161,012ms] [Warning] [omni.physx.plugin] PhysicsUSD: CreateJoint - found a joint with disjointed body transforms, the simulation will most likely snap objects together: /World/envs/env_5/ReleaseLatchJoint/Joint
2026-09-14T20:54:19Z [252,239ms] [Warning] [omni.physx.plugin] PhysicsUSD: CreateJoint - found a joint with disjointed body transforms, the simulation will most likely snap objects together: /World/envs/env_0/ReleaseLatchJoint/Joint
2026-09-14T20:54:45Z [277,879ms] [Warning] [omni.physx.plugin] PhysicsUSD: CreateJoint - found a joint with disjointed body transforms, the simulation will most likely snap objects together: /World/envs/env_4/ReleaseLatchJoint/Joint
2026-09-14T20:54:46Z [278,945ms] [Warning] [omni.physx.plugin] PhysicsUSD: CreateJoint - found a joint with disjointed body transforms, the simulation will most likely snap objects together: /World/envs/env_5/ReleaseLatchJoint/Joint
2026-09-14T21:01:58Z [710,970ms] [Warning] [omni.physx.plugin] PhysicsUSD: CreateJoint - found a joint with disjointed body transforms, the simulation will most likely snap objects together: /World/envs/env_0/RackRetentionJoint/Joint
2026-09-14T21:02:24Z [737,106ms] [Warning] [omni.physx.plugin] PhysicsUSD: CreateJoint - found a joint with disjointed body transforms, the simulation will most likely snap objects together: /World/envs/env_4/RackRetentionJoint/Joint
2026-09-14T21:02:26Z [738,367ms] [Warning] [omni.physx.plugin] PhysicsUSD: CreateJoint - found a joint with disjointed body transforms, the simulation will most likely snap objects together: /World/envs/env_5/RackRetentionJoint/Joint
{
  "workflow": "relocate",
  "episodes": 8,
  "successes": 3,
  "success_rate": 0.375,
  "success_rate_wilson_95": {
    "low": 0.136844,
    "high": 0.694258
  },
  "predicate_fired": 3,
  "held_after_settling": 3,
  "every_condition_after_settling": 3,
  "settle_seconds": 0.7,
  "furthest_phase_reached": {
    "done": 8
  },
  "phase_budget_overruns": {
    "capture": 1,
    "extract": 4
  },
  "phase_budget_s": {
    "capture": 10.0,
    "seat": 1.0,
    "extract": 25.0,
    "transit": 25.0,
    "insert": 30.0
  },
  "termination_reasons": {
    "insertion_success": 3,
    "time_out": 5
  },
  "instability_terminations": 0,
  "non_finite_metric_episodes": 0,
  "terminal_metrics": {
    "axial_error_m": {
      "count": 8,
      "non_finite": 0,
      "mean": 0.243644,
      "p50": 0.266924,
      "p95": 0.462787,
      "max": 0.462981,
      "min": 0.009138
    },
    "lateral_error_m": {
      "count": 8,
      "non_finite": 0,
      "mean": 0.156589,
      "p50": 0.223494,
      "p95": 0.272359,
      "max": 0.274376,
      "min": 0.000427
    },
    "orientation_error_rad": {
      "count": 8,
      "non_finite": 0,
      "mean": 0.195262,
      "p50": 0.263298,
      "p95": 0.35203,
      "max": 0.36023,
      "min": 0.000559
    },
    "blade_linear_velocity_mps": {
      "count": 8,
      "non_finite": 0,
      "mean": 0.036947,
      "p50": 0.018862,
      "p95": 0.091931,
      "max": 0.093703,
      "min": 0.0
    },
    "blade_angular_velocity_radps": {
      "count": 8,
      "non_finite": 0,
      "mean": 0.086774,
      "p50": 0.079318,
      "p95": 0.189901,
      "max": 0.196258,
      "min": 0.0
    },
    "tool_to_handle_error_m": {
      "count": 8,
      "non_finite": 0,
      "mean": 0.012807,
      "p50": 0.012476,
      "p95": 0.014157,
      "max": 0.014223,
      "min": 0.011938
    },
    "tool_to_handle_orientation_rad": {
      "count": 8,
      "non_finite": 0,
      "mean": 0.061498,
      "p50": 0.046599,
      "p95": 0.135647,
      "max": 0.16539,
      "min": 0.024999
    },
    "control_steps": {
      "count": 8,
      "non_finite": 0,
      "mean": 1083.625,
      "p50": 840.0,
      "p95": 1702.65,
      "max": 1703.0,
      "min": 303.0
    },
    "cycle_time_s": {
      "count": 8,
      "non_finite": 0,
      "mean": 36.120833,
      "p50": 28.0,
      "p95": 56.755,
      "max": 56.766667,
      "min": 10.1
    }
  }
}
[INFO] Wrote D:\portfolio\.lab-work\orbital-improvement\paired-24-v1\refined_fixed_base\seed4070\episodes.npz
{
  "destination_rack_retention": {
    "enabled": true,
    "mechanism": "two visible passive rack pawls with a break-rated fixed-joint abstraction",
    "joint_body0": "Rack",
    "joint_body1": "SpareBlade",
    "world_constraint": false,
    "engagement": "after the unchanged insertion success predicate fires",
    "module_pose_write": false,
    "rated_force_n": 600.0,
    "rated_torque_nm": 30.0,
    "reaction_load_path_modelled": true,
    "reaction_magnitude_exposed": false,
    "load_measurement": "break threshold plus measured rack-to-module drift",
    "hardware_geometry": {
      "pawls": 2,
      "face_clearance_mm": 0.5,
      "rear_face_overlap_mm": 2.5,
      "open_inner_half_gap_mm": 81.632936,
      "close_stroke_mm": 19.132936,
      "pawl_section_mm": [
        2.5,
        20.0,
        20.0
      ],
      "collision_geometry": "visual pawl surfaces; the disclosed fixed joint carries load"
    },
    "observed_per_environment": [
      {
        "env": 0,
        "engaged_after_measured_seating": true,
        "engaged_at_driver_step": 1647,
        "rack_only_control_steps": 232,
        "rack_only_interval_s": 7.733333,
        "full_rack_only_recheck_observed": true,
        "max_rack_to_module_position_drift_m": 0.0,
        "max_rack_to_module_orientation_drift_rad": 0.0
      },
      {
        "env": 1,
        "engaged_after_measured_seating": false,
        "engaged_at_driver_step": null,
        "rack_only_control_steps": 0,
        "rack_only_interval_s": 0.0,
        "full_rack_only_recheck_observed": false,
        "max_rack_to_module_position_drift_m": 0.0,
        "max_rack_to_module_orientation_drift_rad": 0.0
      },
      {
        "env": 2,
        "engaged_after_measured_seating": false,
        "engaged_at_driver_step": null,
        "rack_only_control_steps": 0,
        "rack_only_interval_s": 0.0,
        "full_rack_only_recheck_observed": false,
        "max_rack_to_module_position_drift_m": 0.0,
        "max_rack_to_mod
