[INFO][AppLauncher]: Using device: cuda:0
[INFO][AppLauncher]: Loading experience file: D:\6axis-space-robotics\.deps\IsaacLab\apps\isaaclab.python.headless.rendering.kit
Loading user config located at: 'c:/isaac-sim/kit/data/Kit/Isaac-Sim/5.1/user.config.json'
[Info] [carb] Logging to file: c:/isaac-sim/kit/logs/Kit/Isaac-Sim/5.1/kit_20260914_151844.log
2026-09-14T21:18:46Z [1,784ms] [Warning] [gpu.foundation.plugin] Skipping unsupported non-NVIDIA GPU: Intel(R) Graphics
2026-09-14T21:18:46Z [1,790ms] [Warning] [gpu.foundation.plugin] Skipping unsupported non-NVIDIA GPU: Intel(R) Graphics

|---------------------------------------------------------------------------------------------|
| Driver Version: 592.01        | Graphics API: Vulkan
|=============================================================================================|
| GPU | Name                             | Active | LDA | GPU Memory | Vendor-ID | LUID       |
|     |                                  |        |     |            | Device-ID | UUID       |
|     |                                  |        |     |            | Bus-ID    |            |
|---------------------------------------------------------------------------------------------|
| 0   | NVIDIA GeForce RTX 5070 Ti Lap.. | Yes: 0 |     | 11944   MB | 10de      | 36680100.. |
|     |                                  |        |     |            | 2f58      | 4281cb34.. |
|     |                                  |        |     |            | 2         |            |
|---------------------------------------------------------------------------------------------|
| 1   | Intel(R) Graphics                |        |     | 18347   MB | 8086      | 63630100.. |
|     |                                  |        |     |            | 7d67      | 8680677d.. |
|     |                                  |        |     |            | N/A       |            |
|=============================================================================================|
| OS: Windows 11 Pro, Version: 10.0 (25H2), Build: 26200, Kernel: 10.0.26100.9444
| Processor: Intel(R) Core(TM) Ultra 9 275HX
| Cores: 24 | Logical Cores: 24
|---------------------------------------------------------------------------------------------|
| Total Memory (MB): 32189 | Free Memory: 8920
| Total Page/Swap (MB): 67711 | Free Page/Swap: 12107
|---------------------------------------------------------------------------------------------|
2026-09-14T21:18:48Z [3,721ms] [Warning] [carb] Acquiring non optional plugin interface which is not listed as dependency: [omni::physx::IPhysxBenchmarks v1.0] (plugin: <default plugin>), by client: omni.physics.physx.plugin. Add it to CARB_PLUGIN_IMPL_DEPS() macro of a client.
2026-09-14T21:18:48Z [3,731ms] [Warning] [omni.isaac.dynamic_control] omni.isaac.dynamic_control is deprecated as of Isaac Sim 4.5. No action is needed from end-users.
2026-09-14T21:18:52Z [7,703ms] [Warning] [pxr.Semantics] pxr.Semantics is deprecated - please use Semantics instead
2026-09-14T21:18:52Z [7,971ms] [Warning] [omni.graph.core.plugin] Found duplicate of category 'Replicator' - was 'Annotators', adding 'Fabric Reader'
2026-09-14T21:18:52Z [7,971ms] [Warning] [omni.graph.core.plugin] Category 'Replicator' not accepted on node type 'omni.replicator.core.FabricReader' in extension 'omni.replicator.core'
2026-09-14T21:18:52Z [7,973ms] [Warning] [omni.replicator.core.scripts.extension] No material configuration file, adding configuration to material settings directly.
2026-09-14T21:18:57Z [13,164ms] [Warning] [omni.fabric.plugin] Warning: attribute overrideClipRange not found for bucket id 7

[INFO]: Parsing configuration from: zero_g_blade_swap.tasks.blade_swap.vision_two_slot_env_cfg:ZeroGBladeGrappleVisionTwoSlotWorkflowEnvCfg
[INFO] Destination bay fitted with its vertical lead-in (16.6 mm per side, accepting 0.074 rad of delivered attitude error); channel relief 4.61 mm per side
[INFO] Destination rack fitted with two visible passive pawls; break rating 600.0 N / 30.0 N-m
[INFO] Latch ARMED ON RELEASE at 20000.0 N / 1000.0 N-m; two-body fixed joint with reaction wrench (engages when the driver retains the grip, not on capture)
[INFO] Visual randomization off for recording; this run is not evidence
[INFO] Module velocity channel from kinematics: zero before capture, the wrist's own velocity after it. This is not the shipped path.
[INFO] relocate: phase budgets ['capture=10.0s', 'seat=1.0s', 'extract=25.0s', 'transit=75.0s', 'insert=30.0s'] -> episode 92.7 s
[INFO] Viewer render cadence raised to 30 Hz for video capture
[INFO] capture  obs= 40 act=7 epoch=3100 <- capture_v7m130.pth
[INFO] extract  obs= 40 act=6 epoch=14600 <- extract_v19noised.pth
[INFO] insert   obs= 45 act=6 epoch=8000 <- insert_v13m130.pth

[36m===================================================================================================================[0m
[36m[1m[INFO][IsaacLab]: Logging to file: C:\Users\tryak\AppData\Local\Temp\isaaclab\logs\isaaclab_2026-09-14_15-18-58.log[0m
[36m===================================================================================================================[0m

[INFO]: Base environment:
	Environment device    : cuda:0
	Environment seed      : 6070
	Physics step-size     : 0.008333333333333333
	Rendering step-size   : 0.03333333333333333
	Environment step-size : 0.03333333333333333
[INFO]: Time taken for scene creation : 0.969956 seconds
[INFO]: Scene manager:  <class InteractiveScene>
	Number of environments: 1
	Environment spacing   : 2.6
	Source prim name      : /World/envs/env_0
	Global prim paths     : []
	Replicate physics     : False
[INFO]: Starting the simulation. This may take a few seconds. Please wait...
2026-09-14T21:19:00Z [15,497ms] [Warning] [omni.physx.plugin] PhysicsUSD: CreateJoint - found a joint with disjointed body transforms, the simulation will most likely snap objects together: /World/envs/env_0/ReleaseLatchJoint/Joint
2026-09-14T21:19:00Z [15,497ms] [Warning] [omni.physx.plugin] PhysicsUSD: CreateJoint - found a joint with disjointed body transforms, the simulation will most likely snap objects together: /World/envs/env_0/RackRetentionJoint/Joint
2026-09-14T21:19:00Z [15,684ms] [Warning] [omni.fabric.plugin] getAttributeCount called on non-existent path /World/envs/env_0/Robot/wrist_3_link/collisions/wrist3
2026-09-14T21:19:00Z [15,684ms] [Warning] [omni.fabric.plugin] getTypes called on non-existent path /World/envs/env_0/Robot/wrist_3_link/collisions/wrist3
[INFO]: Time taken for simulation start : 1.790197 seconds
[INFO] Command Manager:  <CommandManager> contains 1 active terms.
+-----------------------------------------------+
|              Active Command Terms             |
+-------+----------------+----------------------+
| Index | Name           |         Type         |
+-------+----------------+----------------------+
|   0   | insertion_goal | InsertionGoalCommand |
+-------+----------------+----------------------+

[INFO] Event Manager:  <EventManager> contains 2 active terms.
+--------------------------------------+
| Active Event Terms in Mode: 'reset'  |
+---------+----------------------------+
|  Index  | Name                       |
+---------+----------------------------+
|    0    | reset_scene                |
|    1    | reset_progress             |
|    2    | reset_arm                  |
|    3    | reset_blade                |
|    4    | jitter_module              |
|    5    | open_gripper_on_reset      |
|    6    | remember_blade_pose        |
|    7    | reset_grapple              |
+---------+----------------------------+
+--------------------------------------------------------------------+
|               Active Event Terms in Mode: 'interval'               |
+-------+---------------+--------------------------------------------+
| Index | Name          |          Interval time range (s)           |
+-------+---------------+--------------------------------------------+
|   0   | grapple_latch | (0.03333333333333333, 0.03333333333333333) |
+-------+---------------+--------------------------------------------+

[INFO] Recorder Manager:  <RecorderManager> contains 0 active terms.
+---------------------+
| Active Recorder Terms |
+-----------+---------+
|   Index   | Name    |
+-----------+---------+
+-----------+---------+

[INFO] Action Manager:  <ActionManager> contains 2 active terms.
+----------------------------------+
|  Active Action Terms (shape: 7)  |
+--------+-----------+-------------+
| Index  | Name      |   Dimension |
+--------+-----------+-------------+
|   0    | arm       |           6 |
|   1    | gripper   |           1 |
+--------+-----------+-------------+

[INFO] Observation Manager: <ObservationManager> contains 3 groups.
+--------------------------------------------------------+
| Active Observation Terms in Group: 'grasp' (shape: (40,)) |
+------------+------------------------------+------------+
|   Index    | Name                         |   Shape    |
+------------+------------------------------+------------+
|     0      | joint_pos                    |    (6,)    |
|     1      | joint_vel                    |    (6,)    |
|     2      | end_effector                 |    (7,)    |
|     3      | grip_error                   |    (6,)    |
|     4      | gripper_state                |    (2,)    |
|     5      | blade_velocity               |    (6,)    |
|     6      | previous_action              |    (7,)    |
+------------+------------------------------+------------+
+----------------------------------------------------------+
| Active Observation Terms in Group: 'extract' (shape: (40,)) |
+------------+--------------------------------+------------+
|   Index    | Name                           |   Shape    |
+------------+--------------------------------+------------+
|     0      | joint_pos                      |    (6,)    |
|     1      | joint_vel                      |    (6,)    |
|     2      | end_effector                   |    (7,)    |
|     3      | grip_error                     |    (6,)    |
|     4      | gripper_state                  |    (2,)    |
|     5      | blade_velocity                 |    (6,)    |
|     6      | previous_action                |    (6,)    |
|     7      | remaining_travel               |    (1,)    |
+------------+--------------------------------+------------+
+----------------------------------------------------------+
| Active Observation Terms in Group: 'insert' (shape: (45,)) |
+------------+--------------------------------+------------+
|   Index    | Name                           |   Shape    |
+------------+--------------------------------+------------+
|     0      | joint_pos                      |    (6,)    |
|     1      | joint_vel                      |    (6,)    |
|     2      | end_effector                   |    (7,)    |
|     3      | grip_error                     |    (6,)    |
|     4      | gripper_state                  |    (2,)    |
|     5      | blade_velocity                 |    (6,)    |
|     6      | previous_action                |    (6,)    |
|     7      | blade_goal_error               |    (6,)    |
+------------+--------------------------------+------------+

[INFO] Termination Manager:  <TerminationManager> contains 2 active terms.
+-------------------------------+
|    Active Termination Terms   |
+-------+------------+----------+
| Index | Name       | Time Out |
+-------+------------+----------+
|   0   | time_out   |   True   |
|   1   | non_finite |  False   |
+-------+------------+----------+

[INFO] Reward Manager:  <RewardManager> contains 0 active terms.
+-----------------------+
|  Active Reward Terms  |
+-------+------+--------+
| Index | Name | Weight |
+-------+------+--------+
+-------+------+--------+

[INFO] Curriculum Manager:  <CurriculumManager> contains 0 active terms.
+----------------------+
| Active Curriculum Terms |
+-----------+----------+
|   Index   | Name     |
+-----------+----------+
+-----------+----------+

[INFO]: Completed setting up the environment...
[PHASE] start:capture              step    0  t=  0.00s  blade_x=0.7195  grip= 19.21mm  torque= 0.00Nm
2026-09-14T21:19:04Z [19,433ms] [Warning] [omni.syntheticdata.plugin] OgnSdPostRenderVarToHost : rendervar copy from texture directly to host buffer is counter-performant. Please use copy from texture to device buffer first.
[PHASE] capture -> done            step  300  t= 10.00s  blade_x=0.7534  grip= 40.50mm  torque= 0.00Nm
[INFO] Wrote D:\portfolio\.lab-work\orbital-improvement\worker-final\artifacts\stability-worker-seed6070\jobs\775eaa6d-f87d-4e78-8c7b-7e62884468bf\artifacts\handoff_trace.npz: 1 hand-offs, 0 transit samples, 0 insertion samples, 22 settling rows
{
  "destination_rack_retention": {
    "enabled": true,
    "mechanism": "two visible passive rack pawls with a break-rated fixed-joint abstraction",
    "joint_body0": "Rack",
    "joint_body1": "SpareBlade",
    "world_constraint": false,
    "engagement": "after the unchanged insertion success predicate fires",
    "module_pose_write": false,
    "rated_force_n": 600.0,
    "rated_torque_nm": 30.0,
    "reaction_load_path_modelled": true,
    "reaction_magnitude_exposed": false,
    "load_measurement": "break threshold plus measured rack-to-module drift",
    "hardware_geometry": {
      "pawls": 2,
      "face_clearance_mm": 0.5,
      "rear_face_overlap_mm": 2.5,
      "open_inner_half_gap_mm": 81.632936,
      "close_stroke_mm": 19.132936,
      "pawl_section_mm": [
        2.5,
        20.0,
        20.0
      ],
      "collision_geometry": "visual pawl surfaces; the disclosed fixed joint carries load"
    },
    "observed_per_environment": [
      {
        "env": 0,
        "engaged_after_measured_seating": false,
        "engaged_at_driver_step": null,
        "rack_only_control_steps": 0,
        "rack_only_interval_s": 0.0,
        "full_rack_only_recheck_observed": false,
        "max_rack_to_module_position_drift_m": 0.0,
        "max_rack_to_module_orientation_drift_rad": 0.0
      }
    ]
  },
  "task": "Isaac-ZeroG-Blade-GrappleVisionTwoSlot-Workflow-v0",
  "geometry_arm": {
    "remove_entry_flares": false,
    "rack_lateral_clearance_mm": null,
    "rack_clearance_scope": "guides",
    "module_cross_section_m": null,
    "robot_base_x": null,
    "robot_base_y": null,
    "destination_channel_relief_m": 0.004613,
    "module_mass_kg": null
  },
  "visual_randomization": "off (recording)",
  "workflow": "relocate",
  "seed": 6070,
  "num_envs": 1,
  "curriculum_stage": 0,
  "evaluation_condition": null,
  "checkpoints": {
    "capture": "D:\\portfolio\\.lab-work\\orbital-improvement\\worker-final\\policies\\servicing_v2\\capture_v7m130.pth",
    "
