[INFO][AppLauncher]: Using device: cuda:0
[INFO][AppLauncher]: Loading experience file: D:\6axis-space-robotics\.deps\IsaacLab\apps\isaaclab.python.headless.rendering.kit
Loading user config located at: 'c:/isaac-sim/kit/data/Kit/Isaac-Sim/5.1/user.config.json'
[Info] [carb] Logging to file: c:/isaac-sim/kit/logs/Kit/Isaac-Sim/5.1/kit_20260914_152534.log
2026-09-14T21:25:35Z [1,281ms] [Warning] [gpu.foundation.plugin] Skipping unsupported non-NVIDIA GPU: Intel(R) Graphics
2026-09-14T21:25:35Z [1,282ms] [Warning] [gpu.foundation.plugin] Skipping unsupported non-NVIDIA GPU: Intel(R) Graphics

|---------------------------------------------------------------------------------------------|
| Driver Version: 592.01        | Graphics API: Vulkan
|=============================================================================================|
| GPU | Name                             | Active | LDA | GPU Memory | Vendor-ID | LUID       |
|     |                                  |        |     |            | Device-ID | UUID       |
|     |                                  |        |     |            | Bus-ID    |            |
|---------------------------------------------------------------------------------------------|
| 0   | NVIDIA GeForce RTX 5070 Ti Lap.. | Yes: 0 |     | 11944   MB | 10de      | 36680100.. |
|     |                                  |        |     |            | 2f58      | 4281cb34.. |
|     |                                  |        |     |            | 2         |            |
|---------------------------------------------------------------------------------------------|
| 1   | Intel(R) Graphics                |        |     | 18347   MB | 8086      | 63630100.. |
|     |                                  |        |     |            | 7d67      | 8680677d.. |
|     |                                  |        |     |            | N/A       |            |
|=============================================================================================|
| OS: Windows 11 Pro, Version: 10.0 (25H2), Build: 26200, Kernel: 10.0.26100.9444
| Processor: Intel(R) Core(TM) Ultra 9 275HX
| Cores: 24 | Logical Cores: 24
|---------------------------------------------------------------------------------------------|
| Total Memory (MB): 32189 | Free Memory: 11565
| Total Page/Swap (MB): 53364 | Free Page/Swap: 9287
|---------------------------------------------------------------------------------------------|
2026-09-14T21:25:36Z [2,290ms] [Warning] [carb] Acquiring non optional plugin interface which is not listed as dependency: [omni::physx::IPhysxBenchmarks v1.0] (plugin: <default plugin>), by client: omni.physics.physx.plugin. Add it to CARB_PLUGIN_IMPL_DEPS() macro of a client.
2026-09-14T21:25:36Z [2,296ms] [Warning] [omni.isaac.dynamic_control] omni.isaac.dynamic_control is deprecated as of Isaac Sim 4.5. No action is needed from end-users.
2026-09-14T21:25:39Z [4,742ms] [Warning] [pxr.Semantics] pxr.Semantics is deprecated - please use Semantics instead
2026-09-14T21:25:39Z [4,830ms] [Warning] [omni.graph.core.plugin] Found duplicate of category 'Replicator' - was 'Annotators', adding 'Fabric Reader'
2026-09-14T21:25:39Z [4,830ms] [Warning] [omni.graph.core.plugin] Category 'Replicator' not accepted on node type 'omni.replicator.core.FabricReader' in extension 'omni.replicator.core'
2026-09-14T21:25:39Z [4,831ms] [Warning] [omni.replicator.core.scripts.extension] No material configuration file, adding configuration to material settings directly.
2026-09-14T21:25:43Z [9,057ms] [Warning] [omni.fabric.plugin] Warning: attribute overrideClipRange not found for bucket id 7

[INFO]: Parsing configuration from: zero_g_blade_swap.tasks.blade_swap.vision_two_slot_env_cfg:ZeroGBladeGrappleVisionTwoSlotWorkflowEnvCfg
[INFO] Destination bay fitted with its vertical lead-in (16.6 mm per side, accepting 0.074 rad of delivered attitude error); channel relief 4.61 mm per side
[INFO] Destination rack fitted with two visible passive pawls; break rating 600.0 N / 30.0 N-m
[INFO] Latch ARMED ON RELEASE at 20000.0 N / 1000.0 N-m; two-body fixed joint with reaction wrench (engages when the driver retains the grip, not on capture)
[INFO] Module velocity channel from kinematics: zero before capture, the wrist's own velocity after it. This is not the shipped path.
[INFO] relocate: phase budgets ['capture=10.0s', 'seat=1.0s', 'extract=25.0s', 'transit=75.0s', 'insert=30.0s'] -> episode 92.7 s
[INFO] capture  obs= 40 act=7 epoch=3100 <- capture_v7m130.pth
[INFO] extract  obs= 40 act=6 epoch=14600 <- extract_v19noised.pth
[INFO] insert   obs= 45 act=6 epoch=8000 <- insert_v13m130.pth

[36m===================================================================================================================[0m
[36m[1m[INFO][IsaacLab]: Logging to file: C:\Users\tryak\AppData\Local\Temp\isaaclab\logs\isaaclab_2026-09-14_15-25-44.log[0m
[36m===================================================================================================================[0m

[INFO]: Base environment:
	Environment device    : cuda:0
	Environment seed      : 5070
	Physics step-size     : 0.008333333333333333
	Rendering step-size   : 0.06666666666666667
	Environment step-size : 0.03333333333333333
[INFO]: Time taken for scene creation : 1.576814 seconds
[INFO]: Scene manager:  <class InteractiveScene>
	Number of environments: 8
	Environment spacing   : 2.6
	Source prim name      : /World/envs/env_0
	Global prim paths     : []
	Replicate physics     : False
[INFO]: Starting the simulation. This may take a few seconds. Please wait...
2026-09-14T21:25:46Z [12,035ms] [Warning] [omni.physx.plugin] PhysicsUSD: CreateJoint - found a joint with disjointed body transforms, the simulation will most likely snap objects together: /World/envs/env_0/ReleaseLatchJoint/Joint
2026-09-14T21:25:46Z [12,035ms] [Warning] [omni.physx.plugin] PhysicsUSD: CreateJoint - found a joint with disjointed body transforms, the simulation will most likely snap objects together: /World/envs/env_0/RackRetentionJoint/Joint
2026-09-14T21:25:46Z [12,035ms] [Warning] [omni.physx.plugin] PhysicsUSD: CreateJoint - found a joint with disjointed body transforms, the simulation will most likely snap objects together: /World/envs/env_1/ReleaseLatchJoint/Joint
2026-09-14T21:25:46Z [12,035ms] [Warning] [omni.physx.plugin] PhysicsUSD: CreateJoint - found a joint with disjointed body transforms, the simulation will most likely snap objects together: /World/envs/env_1/RackRetentionJoint/Joint
2026-09-14T21:25:46Z [12,035ms] [Warning] [omni.physx.plugin] PhysicsUSD: CreateJoint - found a joint with disjointed body transforms, the simulation will most likely snap objects together: /World/envs/env_2/ReleaseLatchJoint/Joint
2026-09-14T21:25:46Z [12,035ms] [Warning] [omni.physx.plugin] PhysicsUSD: CreateJoint - found a joint with disjointed body transforms, the simulation will most likely snap objects together: /World/envs/env_2/RackRetentionJoint/Joint
2026-09-14T21:25:46Z [12,035ms] [Warning] [omni.physx.plugin] PhysicsUSD: CreateJoint - found a joint with disjointed body transforms, the simulation will most likely snap objects together: /World/envs/env_3/ReleaseLatchJoint/Joint
2026-09-14T21:25:46Z [12,035ms] [Warning] [omni.physx.plugin] PhysicsUSD: CreateJoint - found a joint with disjointed body transforms, the simulation will most likely snap objects together: /World/envs/env_3/RackRetentionJoint/Joint
2026-09-14T21:25:46Z [12,035ms] [Warning] [omni.physx.plugin] PhysicsUSD: CreateJoint - found a joint with disjointed body transforms, the simulation will most likely snap objects together: /World/envs/env_4/ReleaseLatchJoint/Joint
2026-09-14T21:25:46Z [12,035ms] [Warning] [omni.physx.plugin] PhysicsUSD: CreateJoint - found a joint with disjointed body transforms, the simulation will most likely snap objects together: /World/envs/env_4/RackRetentionJoint/Joint
2026-09-14T21:25:46Z [12,035ms] [Warning] [omni.physx.plugin] PhysicsUSD: CreateJoint - found a joint with disjointed body transforms, the simulation will most likely snap objects together: /World/envs/env_5/ReleaseLatchJoint/Joint
2026-09-14T21:25:46Z [12,036ms] [Warning] [omni.physx.plugin] PhysicsUSD: CreateJoint - found a joint with disjointed body transforms, the simulation will most likely snap objects together: /World/envs/env_5/RackRetentionJoint/Joint
2026-09-14T21:25:46Z [12,036ms] [Warning] [omni.physx.plugin] PhysicsUSD: CreateJoint - found a joint with disjointed body transforms, the simulation will most likely snap objects together: /World/envs/env_6/ReleaseLatchJoint/Joint
2026-09-14T21:25:46Z [12,036ms] [Warning] [omni.physx.plugin] PhysicsUSD: CreateJoint - found a joint with disjointed body transforms, the simulation will most likely snap objects together: /World/envs/env_6/RackRetentionJoint/Joint
2026-09-14T21:25:46Z [12,036ms] [Warning] [omni.physx.plugin] PhysicsUSD: CreateJoint - found a joint with disjointed body transforms, the simulation will most likely snap objects together: /World/envs/env_7/ReleaseLatchJoint/Joint
2026-09-14T21:25:46Z [12,036ms] [Warning] [omni.physx.plugin] PhysicsUSD: CreateJoint - found a joint with disjointed body transforms, the simulation will most likely snap objects together: /World/envs/env_7/RackRetentionJoint/Joint
2026-09-14T21:25:46Z [12,395ms] [Warning] [omni.fabric.plugin] getAttributeCount called on non-existent path /World/envs/env_7/Robot/ee_link/Robotiq_2F_85/right_outer_finger/visuals/Defeatured_2F_85_PAD_OPEN_finger2step_01
2026-09-14T21:25:46Z [12,395ms] [Warning] [omni.fabric.plugin] getTypes called on non-existent path /World/envs/env_7/Robot/ee_link/Robotiq_2F_85/right_outer_finger/visuals/Defeatured_2F_85_PAD_OPEN_finger2step_01
[INFO]: Time taken for simulation start : 2.019326 seconds
[INFO] Command Manager:  <CommandManager> contains 1 active terms.
+-----------------------------------------------+
|              Active Command Terms             |
+-------+----------------+----------------------+
| Index | Name           |         Type         |
+-------+----------------+----------------------+
|   0   | insertion_goal | InsertionGoalCommand |
+-------+----------------+----------------------+

[INFO] Event Manager:  <EventManager> contains 3 active terms.
+--------------------------------------+
| Active Event Terms in Mode: 'reset'  |
+---------+----------------------------+
|  Index  | Name                       |
+---------+----------------------------+
|    0    | reset_scene                |
|    1    | reset_progress             |
|    2    | reset_arm                  |
|    3    | reset_blade                |
|    4    | orbital_sun                |
|    5    | jitter_module              |
|    6    | open_gripper_on_reset      |
|    7    | remember_blade_pose        |
|    8    | reset_grapple              |
+---------+----------------------------+
+-------------------------------------+
| Active Event Terms in Mode: 'prestartup' |
+------------+------------------------+
|   Index    | Name                   |
+------------+------------------------+
|     0      | rack_albedo            |
+------------+------------------------+
+--------------------------------------------------------------------+
|               Active Event Terms in Mode: 'interval'               |
+-------+---------------+--------------------------------------------+
| Index | Name          |          Interval time range (s)           |
+-------+---------------+--------------------------------------------+
|   0   | grapple_latch | (0.03333333333333333, 0.03333333333333333) |
+-------+---------------+--------------------------------------------+

[INFO] Recorder Manager:  <RecorderManager> contains 0 active terms.
+---------------------+
| Active Recorder Terms |
+-----------+---------+
|   Index   | Name    |
+-----------+---------+
+-----------+---------+

[INFO] Action Manager:  <ActionManager> contains 2 active terms.
+----------------------------------+
|  Active Action Terms (shape: 7)  |
+--------+-----------+-------------+
| Index  | Name      |   Dimension |
+--------+-----------+-------------+
|   0    | arm       |           6 |
|   1    | gripper   |           1 |
+--------+-----------+-------------+

[INFO] Observation Manager: <ObservationManager> contains 3 groups.
+--------------------------------------------------------+
| Active Observation Terms in Group: 'grasp' (shape: (40,)) |
+------------+------------------------------+------------+
|   Index    | Name                         |   Shape    |
+------------+------------------------------+------------+
|     0      | joint_pos                    |    (6,)    |
|     1      | joint_vel                    |    (6,)    |
|     2      | end_effector                 |    (7,)    |
|     3      | grip_error                   |    (6,)    |
|     4      | gripper_state                |    (2,)    |
|     5      | blade_velocity               |    (6,)    |
|     6      | previous_action              |    (7,)    |
+------------+------------------------------+------------+
+----------------------------------------------------------+
| Active Observation Terms in Group: 'extract' (shape: (40,)) |
+------------+--------------------------------+------------+
|   Index    | Name                           |   Shape    |
+------------+--------------------------------+------------+
|     0      | joint_pos                      |    (6,)    |
|     1      | joint_vel                      |    (6,)    |
|     2      | end_effector                   |    (7,)    |
|     3      | grip_error                     |    (6,)    |
|     4      | gripper_state                  |    (2,)    |
|     5      | blade_velocity                 |    (6,)    |
|     6      | previous_action                |    (6,)    |
|     7      | remaining_travel               |    (1,)    |
+------------+--------------------------------+------------+
+----------------------------------------------------------+
| Active Observation Terms in Group: 'insert' (shape: (45,)) |
+------------+--------------------------------+------------+
|   Index    | Name                           |   Shape    |
+------------+--------------------------------+------------+
|     0      | joint_pos                      |    (6,)    |
|     1      | joint_vel                      |    (6,)    |
|     2      | end_effector                   |    (7,)    |
|     3      | grip_error                     |    (6,)    |
|     4      | gripper_state                  |    (2,)    |
|     5      | blade_velocity                 |    (6,)    |
|     6      | previous_action                |    (6,)    |
|     7      | blade_goal_error               |    (6,)    |
+------------+--------------------------------+------------+

[INFO] Termination Manager:  <TerminationManager> contains 2 active terms.
+-------------------------------+
|    Active Termination Terms   |
+-------+------------+----------+
| Index | Name       | Time Out |
+-------+------------+----------+
|   0   | time_out   |   True   |
|   1   | non_finite |  False   |
+-------+------------+----------+

[INFO] Reward Manager:  <RewardManager> contains 0 active terms.
+-----------------------+
|  Active Reward Terms  |
+-------+------+--------+
| Index | Name | Weight |
+-------+------+--------+
+-------+------+--------+

[INFO] Curriculum Manager:  <CurriculumManager> contains 0 active terms.
+----------------------+
| Active Curriculum Terms |
+-----------+----------+
|   Index   | Name     |
+-----------+----------+
+-----------+----------+

[INFO]: Completed setting up the environment...
[PLAN] visual occupancy preflight passed=8/8 source=bay0 destination=bay1 scores=[1.0000,0.0000] threshold=0.50
2026-09-14T21:27:31Z [117,001ms] [Warning] [omni.physx.plugin] PhysicsUSD: CreateJoint - found a joint with disjointed body transforms, the simulation will most likely snap objects together: /World/envs/env_0/ReleaseLatchJoint/Joint
2026-09-14T21:27:35Z [121,177ms] [Warning] [omni.physx.plugin] PhysicsUSD: CreateJoint - found a joint with disjointed body transforms, the simulation will most likely snap objects together: /World/envs/env_7/ReleaseLatchJoint/Joint
2026-09-14T21:27:36Z [122,128ms] [Warning] [omni.physx.plugin] PhysicsUSD: CreateJoint - found a joint with disjointed body transforms, the simulation will most likely snap objects together: /World/envs/env_6/ReleaseLatchJoint/Joint
2026-09-14T21:27:48Z [134,324ms] [Warning] [omni.physx.plugin] PhysicsUSD: CreateJoint - found a joint with disjointed body transforms, the simulation will most likely snap objects together: /World/envs/env_3/ReleaseLatchJoint/Joint
2026-09-14T21:27:49Z [134,968ms] [Warning] [omni.physx.plugin] PhysicsUSD: CreateJoint - found a joint with disjointed body transforms, the simulation will most likely snap objects together: /World/envs/env_5/ReleaseLatchJoint/Joint
2026-09-14T21:27:54Z [140,218ms] [Warning] [omni.physx.plugin] PhysicsUSD: CreateJoint - found a joint with disjointed body transforms, the simulation will most likely snap objects together: /World/envs/env_1/ReleaseLatchJoint/Joint
2026-09-14T21:27:59Z [145,211ms] [Warning] [omni.physx.plugin] PhysicsUSD: CreateJoint - found a joint with disjointed body transforms, the simulation will most likely snap objects together: /World/envs/env_2/ReleaseLatchJoint/Joint
2026-09-14T21:27:59Z [145,211ms] [Warning] [omni.physx.plugin] PhysicsUSD: CreateJoint - found a joint with disjointed body transforms, the simulation will most likely snap objects together: /World/envs/env_4/ReleaseLatchJoint/Joint
2026-09-14T21:29:16Z [222,176ms] [Warning] [omni.physx.plugin] PhysicsUSD: CreateJoint - found a joint with disjointed body transforms, the simulation will most likely snap objects together: /World/envs/env_7/ReleaseLatchJoint/Joint
2026-09-14T21:29:24Z [229,573ms] [Warning] [omni.physx.plugin] PhysicsUSD: CreateJoint - found a joint with disjointed body transforms, the simulation will most likely snap objects together: /World/envs/env_5/ReleaseLatchJoint/Joint
2026-09-14T21:29:25Z [231,314ms] [Warning] [omni.physx.plugin] PhysicsUSD: CreateJoint - found a joint with disjointed body transforms, the simulation will most likely snap objects together: /World/envs/env_0/ReleaseLatchJoint/Joint
2026-09-14T21:29:34Z [239,684ms] [Warning] [omni.physx.plugin] PhysicsUSD: CreateJoint - found a joint with disjointed body transforms, the simulation will most likely snap objects together: /World/envs/env_1/ReleaseLatchJoint/Joint
2026-09-14T21:29:35Z [241,124ms] [Warning] [omni.physx.plugin] PhysicsUSD: CreateJoint - found a joint with disjointed body transforms, the simulation will most likely snap objects together: /World/envs/env_2/ReleaseLatchJoint/Joint
2026-09-14T21:29:38Z [244,444ms] [Warning] [omni.physx.plugin] PhysicsUSD: CreateJoint - found a joint with disjointed body transforms, the simulation will most likely snap objects together: /World/envs/env_4/ReleaseLatchJoint/Joint
2026-09-14T21:29:41Z [247,328ms] [Warning] [omni.physx.plugin] PhysicsUSD: CreateJoint - found a joint with disjointed body transforms, the simulation will most likely snap objects together: /World/envs/env_3/ReleaseLatchJoint/Joint
2026-09-14T21:32:11Z [396,958ms] [Error] [omni.syntheticdata.plugin] OgnSdOnNewFrame : frames [595|30, 595|30] discarded
2026-09-14T21:33:03Z [449,173ms] [Warning] [omni.physx.plugin] PhysicsUSD: CreateJoint - found a joint with disjointed body transforms, the simulation will most likely snap objects together: /World/envs/env_0/RackRetentionJoint/Joint
2026-09-14T21:33:07Z [452,678ms] [Warning] [omni.physx.plugin] PhysicsUSD: CreateJoint - found a joint with disjointed body transforms, the simulation will most likely snap objects together: /World/envs/env_7/RackRetentionJoint/Joint
2026-09-14T21:33:08Z [454,556ms] [Warning] [omni.physx.plugin] PhysicsUSD: CreateJoint - found a joint with disjointed body transforms, the simulation will most likely snap objects together: /World/envs/env_1/RackRetentionJoint/Joint
2026-09-14T21:33:12Z [458,237ms] [Warning] [omni.physx.plugin] PhysicsUSD: CreateJoint - found a joint with disjointed body transforms, the simulation will most likely snap objects together: /World/envs/env_2/RackRetentionJoint/Joint
2026-09-14T21:33:17Z [462,981ms] [Warning] [omni.physx.plugin] PhysicsUSD: CreateJoint - found a joint with disjointed body transforms, the simulation will most likely snap objects together: /World/envs/env_5/RackRetentionJoint/Joint
2026-09-14T21:33:18Z [464,326ms] [Warning] [omni.physx.plugin] PhysicsUSD: CreateJoint - found a joint with disjointed body transforms, the simulation will most likely snap objects together: /World/envs/env_3/RackRetentionJoint/Joint
2026-09-14T21:33:28Z [473,927ms] [Warning] [omni.physx.plugin] PhysicsUSD: CreateJoint - found a joint with disjointed body transforms, the simulation will most likely snap objects together: /World/envs/env_4/RackRetentionJoint/Joint
